export const snapshot = {};

snapshot[`OpenGraph images 1`] = `
{
  formats: [
    {
      engines: 0,
      ext: ".page.toml",
      isPage: true,
      loader: [AsyncFunction: toml],
    },
    {
      engines: 1,
      ext: ".page.ts",
      isPage: true,
      loader: [AsyncFunction: module],
    },
    {
      engines: 1,
      ext: ".page.js",
      isPage: true,
      loader: [AsyncFunction: module],
    },
    {
      engines: 0,
      ext: ".page.jsonc",
      isPage: true,
      loader: [AsyncFunction: json],
    },
    {
      engines: 0,
      ext: ".page.json",
      isPage: true,
      loader: [AsyncFunction: json],
    },
    {
      dataLoader: [AsyncFunction: json],
      engines: 0,
      ext: ".json",
      loader: [AsyncFunction: json],
    },
    {
      dataLoader: [AsyncFunction: json],
      engines: 0,
      ext: ".jsonc",
      loader: [AsyncFunction: json],
    },
    {
      engines: 1,
      ext: ".md",
      isPage: true,
      loader: [AsyncFunction: text],
    },
    {
      engines: 1,
      ext: ".markdown",
      isPage: true,
      loader: [AsyncFunction: text],
    },
    {
      dataLoader: [AsyncFunction: module],
      engines: 1,
      ext: ".js",
      loader: [AsyncFunction: module],
    },
    {
      dataLoader: [AsyncFunction: module],
      engines: 1,
      ext: ".ts",
      loader: [AsyncFunction: module],
    },
    {
      engines: 1,
      ext: ".vento",
      isPage: true,
      loader: [AsyncFunction: text],
    },
    {
      engines: 1,
      ext: ".vto",
      isPage: true,
      loader: [AsyncFunction: text],
    },
    {
      dataLoader: [AsyncFunction: toml],
      engines: 0,
      ext: ".toml",
      loader: [AsyncFunction: toml],
    },
    {
      dataLoader: [AsyncFunction: yaml],
      engines: 0,
      ext: ".yaml",
      isPage: true,
      loader: [AsyncFunction: yaml],
    },
    {
      dataLoader: [AsyncFunction: yaml],
      engines: 0,
      ext: ".yml",
      isPage: true,
      loader: [AsyncFunction: yaml],
    },
    {
      ext: ".html",
    },
  ],
  src: [
    "/",
    "/_data.yml",
    "/_includes",
    "/_includes/og_template.jsx",
    "/page1.md",
  ],
}
`;

snapshot[`OpenGraph images 2`] = `[]`;

snapshot[`OpenGraph images 3`] = `
[
  {
    content: "<p>This is the page 1</p>
",
    data: {
      basename: "page1",
      children: "<p>This is the page 1</p>
",
      content: "This is the page 1
",
      date: [],
      description: "Description of page 1",
      mergedKeys: [
        "tags",
      ],
      metas: [
        "image",
      ],
      openGraphLayout: "og_template.jsx",
      page: [
        "src",
        "data",
        "isCopy",
      ],
      paginate: "paginate",
      search: [],
      tags: "Array(0)",
      title: "Page 1",
      url: "/page1/",
    },
    src: {
      ext: ".md",
      path: "/page1",
      remote: undefined,
    },
  },
  {
    content: "Uint8Array(13160)",
    data: {
      basename: "index",
      content: "Uint8Array(13160)",
      page: [
        "src",
        "data",
        "isCopy",
      ],
      url: "/page1/index.png",
    },
    src: {
      ext: "",
      path: "",
      remote: undefined,
    },
  },
]
`;
